2026-03-20 11:48:07.515591: I tensorflow/core/util/port.cc:153] oneDNN custom operations are on. You may see slightly different numerical results due to floating-point round-off errors from different computation orders. To turn them off, set the environment variable `TF_ENABLE_ONEDNN_OPTS=0`.
2026-03-20 11:48:07.747722: I tensorflow/core/platform/cpu_feature_guard.cc:210] This TensorFlow binary is optimized to use available CPU instructions in performance-critical operations.
To enable the following instructions: AVX2 AVX512F AVX512_VNNI FMA, in other operations, rebuild TensorFlow with the appropriate compiler flags.
2026-03-20 11:48:18.458935: I tensorflow/core/util/port.cc:153] oneDNN custom operations are on. You may see slightly different numerical results due to floating-point round-off errors from different computation orders. To turn them off, set the environment variable `TF_ENABLE_ONEDNN_OPTS=0`.
/hkfs/home/haicore/scc/se1131/RAG_mlflow_ai4eosc/scripts/log_weghits.py:6: FutureWarning: Support for Python 3.9 will be dropped in the next release (after its end-of-life on October 31, 2025). Please upgrade to Python 3.10 or newer.
  from trl import SFTConfig, SFTTrainer
/hkfs/home/haicore/scc/se1131/tf_algos/lib64/python3.9/site-packages/networkx/utils/backends.py:135: RuntimeWarning: networkx backend defined more than once: nx-loopback
  backends.update(_get_backends("networkx.backends"))
Loading checkpoint shards:   0%|          | 0/2 [00:00<?, ?it/s]Loading checkpoint shards:  50%|█████     | 1/2 [00:06<00:06,  6.27s/it]Loading checkpoint shards: 100%|██████████| 2/2 [00:09<00:00,  4.49s/it]Loading checkpoint shards: 100%|██████████| 2/2 [00:09<00:00,  4.76s/it]
🏃 View run calm-newt-153 at: https://mlflow-oidc.dev.ai4eosc.eu/#/experiments/5/runs/26be9fda5399421999b9f5dfb4c12ce6
🧪 View experiment at: https://mlflow-oidc.dev.ai4eosc.eu/#/experiments/5

============================= JOB FEEDBACK =============================

Job ID: 1625340
Cluster: haic
User/Group: se1131/scc
Account: scc
State: COMPLETED (exit code 0)
Partition: normal
Nodes: 1
Cores per node: 38
Nodelist: haicn1703
CPU Utilized: 00:00:32
CPU Efficiency: 0.53% of 01:40:42 core-walltime
Job Wall-clock time: 00:02:39
Starttime: Fri Mar 20 11:47:25 2026
Endtime: Fri Mar 20 11:50:04 2026
Memory Utilized: 3.73 GB
Memory Efficiency: 3.05% of 122.46 GB (3.22 GB/core)
