2026-03-20 11:17:31.797650: I tensorflow/core/util/port.cc:153] oneDNN custom operations are on. You may see slightly different numerical results due to floating-point round-off errors from different computation orders. To turn them off, set the environment variable `TF_ENABLE_ONEDNN_OPTS=0`.
2026-03-20 11:17:31.852586: I tensorflow/core/platform/cpu_feature_guard.cc:210] This TensorFlow binary is optimized to use available CPU instructions in performance-critical operations.
To enable the following instructions: AVX2 AVX512F AVX512_VNNI FMA, in other operations, rebuild TensorFlow with the appropriate compiler flags.
2026-03-20 11:17:33.321811: I tensorflow/core/util/port.cc:153] oneDNN custom operations are on. You may see slightly different numerical results due to floating-point round-off errors from different computation orders. To turn them off, set the environment variable `TF_ENABLE_ONEDNN_OPTS=0`.
/hkfs/home/haicore/scc/se1131/RAG_mlflow_ai4eosc/scripts/log_weghits.py:6: FutureWarning: Support for Python 3.9 will be dropped in the next release (after its end-of-life on October 31, 2025). Please upgrade to Python 3.10 or newer.
  from trl import SFTConfig, SFTTrainer
/hkfs/home/haicore/scc/se1131/tf_algos/lib64/python3.9/site-packages/networkx/utils/backends.py:135: RuntimeWarning: networkx backend defined more than once: nx-loopback
  backends.update(_get_backends("networkx.backends"))
Loading checkpoint shards:   0%|          | 0/2 [00:00<?, ?it/s]Loading checkpoint shards:  50%|█████     | 1/2 [00:03<00:03,  3.40s/it]Loading checkpoint shards: 100%|██████████| 2/2 [00:05<00:00,  2.44s/it]Loading checkpoint shards: 100%|██████████| 2/2 [00:05<00:00,  2.59s/it]
Traceback (most recent call last):
  File "/hkfs/home/haicore/scc/se1131/RAG_mlflow_ai4eosc/scripts/log_weghits.py", line 19, in <module>
    with mlflow.start_run():
NameError: name 'mlflow' is not defined

============================= JOB FEEDBACK =============================

Job ID: 1625323
Cluster: haic
User/Group: se1131/scc
Account: scc
State: FAILED (exit code 1)
Partition: normal
Nodes: 1
Cores per node: 38
Nodelist: haicn1701
CPU Utilized: 00:00:19
CPU Efficiency: 1.92% of 00:16:28 core-walltime
Job Wall-clock time: 00:00:26
Starttime: Fri Mar 20 11:17:18 2026
Endtime: Fri Mar 20 11:17:44 2026
Memory Utilized: 1.12 GB
Memory Efficiency: 0.91% of 122.46 GB (3.22 GB/core)
